W estimate {'n': 1000, 'W': 0.4314447007207877, 'floor': 0.09692608296810509}
W estimate {'n': 2000, 'W': 0.38231927595746756, 'floor': 0.08605349590139318}
W estimate {'n': 4000, 'W': 0.39879311719960897, 'floor': 0.06850725667847961}
W estimate {'n': 8000, 'W': 0.402279650645705, 'floor': 0.05531872066470621}
D*=0.5858±0.0017  W≈0.4023  D*+W²≈0.7476  2D*=1.1716  quad err 1.6e-14
  training natural
    [natural/0] step 1000/5000 loss 0.4062
    [natural/0] step 2000/5000 loss 0.4050
    [natural/0] step 3000/5000 loss 0.4081
    [natural/0] step 4000/5000 loss 0.3847
    [natural/0] step 5000/5000 loss 0.3822
  natural: euler1: D=0.6107 P=0.3798, ode: D=0.7529 P=0.0739, ode_t0.25: D=0.6091 P=0.3535, ode_t0.5: D=0.6267 P=0.2634, ode_t0.75: D=0.6711 P=0.1537
  training independent
    [independent/0] step 1000/5000 loss 1.1718
    [independent/0] step 2000/5000 loss 1.1779
    [independent/0] step 3000/5000 loss 1.1610
    [independent/0] step 4000/5000 loss 1.1013
    [independent/0] step 5000/5000 loss 1.0014
  independent: euler1: D=1.1155 P=0.9783, ode: D=0.7426 P=0.0990, ode_t0.25: D=0.6288 P=0.4773, ode_t0.5: D=0.6346 P=0.4286, ode_t0.75: D=0.6417 P=0.2638
  training minibatch_ot_256
    [ot/256] step 1000/5000 loss 0.0316
    [ot/256] step 2000/5000 loss 0.0227
    [ot/256] step 3000/5000 loss 0.0274
    [ot/256] step 4000/5000 loss 0.0342
    [ot/256] step 5000/5000 loss 0.0295
  minibatch_ot_256: euler1: D=0.7286 P=0.0974, ode: D=0.7470 P=0.0719, ode_t0.25: D=0.6126 P=0.3060, ode_t0.5: D=0.6377 P=0.2123, ode_t0.75: D=0.6824 P=0.1240
  training near_exact_ot_2048
    [ot/2048] step 1000/5000 loss 0.0079
    [ot/2048] step 2000/5000 loss 0.0048
    [ot/2048] step 3000/5000 loss 0.0096
    [ot/2048] step 4000/5000 loss 0.0056
    [ot/2048] step 5000/5000 loss 0.0046
  near_exact_ot_2048: euler1: D=0.7419 P=0.0852, ode: D=0.7480 P=0.0695, ode_t0.25: D=0.6129 P=0.3034, ode_t0.5: D=0.6387 P=0.2092, ode_t0.75: D=0.6837 P=0.1211
