[d2_delta4] theory: {'D_star': 0.74476003209321, 'W2': 0.2211069332699423, 'W': 0.4702200902449217, 'rate_bits': 0.9794569012038274}  |  MC: {'D_star_mc': 0.732007177330825, 'W2_mc_paired': 0.2238232321901357}  |  W2 floor 0.0862
  training natural ...
    [natural] step 1000/6000 loss 0.4848
    [natural] step 2000/6000 loss 0.4793
    [natural] step 3000/6000 loss 0.4913
    [natural] step 4000/6000 loss 0.4581
    [natural] step 5000/6000 loss 0.4993
    [natural] step 6000/6000 loss 0.4999
  natural: euler1: D=0.7352 P=0.4400 Plb=0.4428, ode: D=0.9360 P=0.0850 Plb=0.0583, ode_t0.25: D=0.7341 P=0.4074 Plb=0.4094, ode_t0.5: D=0.7578 P=0.3004 Plb=0.3014, ode_t0.75: D=0.8201 P=0.1704 Plb=0.1666
  training independent ...
    [independent] step 1000/6000 loss 1.2872
    [independent] step 2000/6000 loss 1.1208
    [independent] step 3000/6000 loss 1.2065
    [independent] step 4000/6000 loss 1.2017
    [independent] step 5000/6000 loss 1.2501
    [independent] step 6000/6000 loss 1.1516
  independent: euler1: D=1.2678 P=1.0528 Plb=1.0590, ode: D=0.9337 P=0.0883 Plb=0.0605, ode_t0.25: D=0.7484 P=0.5289 Plb=0.5326, ode_t0.5: D=0.7539 P=0.4562 Plb=0.4598, ode_t0.75: D=0.7827 P=0.2669 Plb=0.2672
  training minibatch_ot ...
    [minibatch_ot] step 1000/6000 loss 0.0152
    [minibatch_ot] step 2000/6000 loss 0.0137
    [minibatch_ot] step 3000/6000 loss 0.0157
    [minibatch_ot] step 4000/6000 loss 0.0148
    [minibatch_ot] step 5000/6000 loss 0.0135
    [minibatch_ot] step 6000/6000 loss 0.0146
  minibatch_ot: euler1: D=0.9279 P=0.0994 Plb=0.0802, ode: D=0.9359 P=0.0835 Plb=0.0563, ode_t0.25: D=0.7420 P=0.3497 Plb=0.3508, ode_t0.5: D=0.7792 P=0.2379 Plb=0.2363, ode_t0.75: D=0.8438 P=0.1343 Plb=0.1256
  training exact_ot ...
    [exact_ot] step 1000/6000 loss 0.0006
    [exact_ot] step 2000/6000 loss 0.0002
    [exact_ot] step 3000/6000 loss 0.0001
    [exact_ot] step 4000/6000 loss 0.0000
    [exact_ot] step 5000/6000 loss 0.0000
    [exact_ot] step 6000/6000 loss 0.0001
  exact_ot: euler1: D=0.9386 P=0.0885 Plb=0.0641, ode: D=0.9387 P=0.0782 Plb=0.0490, ode_t0.25: D=0.7422 P=0.3479 Plb=0.3489, ode_t0.5: D=0.7800 P=0.2348 Plb=0.2330, ode_t0.75: D=0.8455 P=0.1296 Plb=0.1204
